0000000000000000000000000000000011000011100110101001001001011001101110111000000001111001101110101001101111111001010100111110110011011110000000001000100101001110
